evaluating file '<nix/derivation-internal.nix>'
evaluating derivation 'git+file:///Users/danieldriscoll/dev/aleph-phaser#nixosConfigurations.default.config.system.build.toplevel'...
warning: Git tree '/Users/danieldriscoll/dev/aleph-phaser' is dirty
evaluating file '/Users/danieldriscoll/dev/aleph-phaser/flake.nix'
warning: Git tree '/Users/danieldriscoll/dev/aleph-phaser' is dirty
evaluating file '/Users/danieldriscoll/dev/aleph-phaser/flake.nix'
evaluating file '«flakes-internal»/call-flake.nix'
these 22 derivations will be built:
  /nix/store/h3nmn5yd2i3y1jr48rhzz3fnjrhp2pxj-qtdeclarative-6.8.3.drv
  /nix/store/qkghyxnhri5dy1lih1g48ci716623n58-qtquick3d-6.8.3.drv
  /nix/store/1nvhnz1lys33d869blfbgg0mqzbpsrsj-qtmultimedia-6.8.3.drv
  /nix/store/3f1n18lij4dyx9k01x8nm06g0vjwmz6d-qtwebsockets-6.8.3.drv
  /nix/store/lbm1dn7nvbdk1ngphyh2nsjydjr2a9i6-qtwebchannel-6.8.3.drv
  /nix/store/vwy99j0k8w3n8x4nql18v2li7lbccc6p-qtquicktimeline-6.8.3.drv
  /nix/store/f8rx5v36hy6krnnrpwnwja3j5v4730xc-qtpositioning-6.8.3.drv
  /nix/store/yfdiv9masf82qk7sinswi290da2inpjh-qtlocation-6.8.3.drv
  /nix/store/rfkkg86fmipb5n2899ys3lk37ggds7ng-python3.11-pyqt6-6.8.0.drv
  /nix/store/wfng4wkb32dy739cwrzy03j29cxwkp7i-python3.11-pyqtgraph-0.13.7.drv
  /nix/store/6pxnwp7fblnjc57brs0jjj62f3hqs82z-gnuradio-3.10.11.0.drv
  /nix/store/nysppd2n0qnlqwrdfjxwzpkmr5cyv0z1-python3-3.11.11-env.drv
  /nix/store/xkvvk4azmcmq9ijsszhb0kqwg3jv7mh2-gnuradio-wrapped-3.10.11.0.drv
  /nix/store/67psdki2y6cjhxa5x913xwj67inlg490-system-path.drv
  /nix/store/62kzad2d374q1g7y9n31ybpgphn712p8-dbus-1.drv
  /nix/store/dhqgqa4a55j32vj9gdqxqjk61wknp1sv-X-Restart-Triggers-dbus.drv
  /nix/store/03a4d4dmnq2gf4z87cwa0a4ynrrmar87-unit-dbus.service.drv
  /nix/store/11ih1p7f1xp4a8iig6vwkwjxszfyydbn-system-units.drv
  /nix/store/l0hxxcpqrc2n85sfz778l16yhg93my52-unit-dbus.service.drv
  /nix/store/rlppkwsrwga97bnq8akr9k7n5kw2m1kx-user-units.drv
  /nix/store/q9zgrfiq4zrxccd22md5dghb5wp7jr4i-etc.drv
  /nix/store/5jzaj1f9q8iddsxnlvdaff6q2ddpbd4s-nixos-system-unnamed-24.11.20250511.a39ed32.drv
connecting to 'ssh://danieldriscoll@orb'...
building '/nix/store/h3nmn5yd2i3y1jr48rhzz3fnjrhp2pxj-qtdeclarative-6.8.3.drv' on 'ssh://danieldriscoll@orb'...
waiting for the upload lock to 'ssh://danieldriscoll@orb'...
copying dependencies to 'ssh://danieldriscoll@orb'...
copying 0 paths...
error: build of '/nix/store/h3nmn5yd2i3y1jr48rhzz3fnjrhp2pxj-qtdeclarative-6.8.3.drv' on 'ssh://danieldriscoll@orb' failed: builder for '/nix/store/h3nmn5yd2i3y1jr48rhzz3fnjrhp2pxj-qtdeclarative-6.8.3.drv' failed with exit code 1;
       last 25 log lines:
       > [3282/3301] Building CXX object src/quickdialogs/quickdialogs/CMakeFiles/QuickDialogs2.dir/cmake_pch.hxx.gch
       > FAILED: src/quickdialogs/quickdialogs/CMakeFiles/QuickDialogs2.dir/cmake_pch.hxx.gch
       > /nix/store/34lr8h7npv1bgx74jyrgq3qgryp31rrx-gcc-wrapper-13.3.0/bin/g++ -DQT_ASCII_CAST_WARNINGS -DQT_BUILDING_QT -DQT_BUILD_QUICKDIALOGS2_LIB -DQT_CORE_LIB -DQT_DEPRECATED_WARNINGS -DQT_EXPLICIT_QFILE_CONSTRUCTION_FROM_PATH -DQT_GUI_LIB -DQT_LEAN_HEADERS=1 -DQT_MOC_COMPAT -DQT_NETWORK_LIB -DQT_NO_AS_CONST=1 -DQT_NO_CAST_FROM_ASCII -DQT_NO_CAST_TO_ASCII -DQT_NO_DEBUG -DQT_NO_EXCEPTIONS -DQT_NO_FOREACH -DQT_NO_FOREACH=1 -DQT_NO_JAVA_STYLE_ITERATORS -DQT_NO_NARROWING_CONVERSIONS_IN_CONNECT -DQT_NO_QASCONST -DQT_NO_QEXCHANGE -DQT_NO_QSNPRINTF -DQT_NO_QSNPRINTF=1 -DQT_OPENGL_LIB -DQT_QMLINTEGRATION_LIB -DQT_QMLMETA_LIB -DQT_QMLMODELS_LIB -DQT_QMLWORKERSCRIPT_LIB -DQT_QML_LIB -DQT_QUICKCONTROLS2IMPL_LIB -DQT_QUICKDIALOGS2QUICKIMPL_LIB -DQT_QUICKDIALOGS2UTILS_LIB -DQT_QUICKTEMPLATES2_LIB -DQT_QUICK_LIB -DQT_USE_QSTRINGBUILDER -DQuickDialogs2_EXPORTS -D_GLIBCXX_ASSERTIONS -D_LARGEFILE64_SOURCE -D_LARGEFILE_SOURCE -I/build/qtdeclarative-everywhere-src-6.8.3/build/src/quickdialogs/quickdialogs/QuickDialogs2_autogen/include -I/build/qtdeclarative-everywhere-src-6.8.3/build/include -I/build/qtdeclarative-everywhere-src-6.8.3/build/include/QtQuickDialogs2 -I/build/qtdeclarative-everywhere-src-6.8.3/src/quickdialogs/quickdialogs -I/build/qtdeclarative-everywhere-src-6.8.3/build/src/quickdialogs/quickdialogs -I/build/qtdeclarative-everywhere-src-6.8.3/build/include/QtQuickDialogs2/6.8.3 -I/build/qtdeclarative-everywhere-src-6.8.3/build/include/QtQuickDialogs2/6.8.3/QtQuickDialogs2 -I/build/qtdeclarative-everywhere-src-6.8.3/build/src/qml -I/build/qtdeclarative-everywhere-src-6.8.3/build/include/QtQml/6.8.3 -I/build/qtdeclarative-everywhere-src-6.8.3/build/include/QtQml/6.8.3/QtQml -I/build/qtdeclarative-everywhere-src-6.8.3/build/include/QtQml -I/build/qtdeclarative-everywhere-src-6.8.3/build/include/QtQmlIntegration -I/build/qtdeclarative-everywhere-src-6.8.3/src/qmlintegration -I/build/qtdeclarative-everywhere-src-6.8.3/build/src/qmlintegration -I/build/qtdeclarative-everywhere-src-6.8.3/build/include/QtQuick -I/build/qtdeclarative-everywhere-src-6.8.3/build/include/QtQmlMeta -I/build/qtdeclarative-everywhere-src-6.8.3/build/include/QtQmlModels -I/build/qtdeclarative-everywhere-src-6.8.3/build/include/QtQmlWorkerScript -I/build/qtdeclarative-everywhere-src-6.8.3/build/src/quick -I/build/qtdeclarative-everywhere-src-6.8.3/build/include/QtQuick/6.8.3 -I/build/qtdeclarative-everywhere-src-6.8.3/build/include/QtQuick/6.8.3/QtQuick -I/build/qtdeclarative-everywhere-src-6.8.3/build/src/qmlmodels -I/build/qtdeclarative-everywhere-src-6.8.3/build/include/QtQmlModels/6.8.3 -I/build/qtdeclarative-everywhere-src-6.8.3/build/include/QtQmlModels/6.8.3/QtQmlModels -I/build/qtdeclarative-everywhere-src-6.8.3/build/src/qmlmeta -I/build/qtdeclarative-everywhere-src-6.8.3/build/include/QtQmlMeta/6.8.3 -I/build/qtdeclarative-everywhere-src-6.8.3/build/include/QtQmlMeta/6.8.3/QtQmlMeta -I/build/qtdeclarative-everywhere-src-6.8.3/build/src/qmlworkerscript -I/build/qtdeclarative-everywhere-src-6.8.3/build/include/QtQmlWorkerScript/6.8.3 -I/build/qtdeclarative-everywhere-src-6.8.3/build/include/QtQmlWorkerScript/6.8.3/QtQmlWorkerScript -I/build/qtdeclarative-everywhere-src-6.8.3/build/include/QtQuickControls2Impl -I/build/qtdeclarative-everywhere-src-6.8.3/build/include/QtQuickDialogs2Utils -I/build/qtdeclarative-everywhere-src-6.8.3/build/src/quickdialogs/quickdialogsutils -I/build/qtdeclarative-everywhere-src-6.8.3/build/include/QtQuickDialogs2Utils/6.8.3 -I/build/qtdeclarative-everywhere-src-6.8.3/build/include/QtQuickDialogs2Utils/6.8.3/QtQuickDialogs2Utils -I/build/qtdeclarative-everywhere-src-6.8.3/build/include/QtQuickDialogs2QuickImpl -I/build/qtdeclarative-everywhere-src-6.8.3/build/src/quickdialogs/quickdialogsquickimpl -I/build/qtdeclarative-everywhere-src-6.8.3/build/include/QtQuickDialogs2QuickImpl/6.8.3 -I/build/qtdeclarative-everywhere-src-6.8.3/build/include/QtQuickDialogs2QuickImpl/6.8.3/QtQuickDialogs2QuickImpl -I/build/qtdeclarative-everywhere-src-6.8.3/build/src/quicktemplates -I/build/qtdeclarative-everywhere-src-6.8.3/build/include/QtQuickTemplates2/6.8.3 -I/build/qtdeclarative-everywhere-src-6.8.3/build/include/QtQuickTemplates2/6.8.3/QtQuickTemplates2 -I/build/qtdeclarative-everywhere-src-6.8.3/build/include/QtQuickTemplates2 -isystem /nix/store/l2gqabr7b6rqx8s38shqqymnfmfx003f-qtbase-6.8.3/include/QtCore/6.8.3 -isystem /nix/store/l2gqabr7b6rqx8s38shqqymnfmfx003f-qtbase-6.8.3/include/QtCore/6.8.3/QtCore -isystem /nix/store/l2gqabr7b6rqx8s38shqqymnfmfx003f-qtbase-6.8.3/include/QtCore -isystem /nix/store/l2gqabr7b6rqx8s38shqqymnfmfx003f-qtbase-6.8.3/mkspecs/linux-g++ -isystem /nix/store/l2gqabr7b6rqx8s38shqqymnfmfx003f-qtbase-6.8.3/include/QtNetwork -isystem /nix/store/l2gqabr7b6rqx8s38shqqymnfmfx003f-qtbase-6.8.3/include/QtGui -isystem /nix/store/l2gqabr7b6rqx8s38shqqymnfmfx003f-qtbase-6.8.3/include/QtOpenGL -isystem /nix/store/l2gqabr7b6rqx8s38shqqymnfmfx003f-qtbase-6.8.3/include/QtGui/6.8.3 -isystem /nix/store/l2gqabr7b6rqx8s38shqqymnfmfx003f-qtbase-6.8.3/include/QtGui/6.8.3/QtGui -DNDEBUG -O2 -std=gnu++17 -fPIC -fvisibility=hidden -fvisibility-inlines-hidden -Wall -Wextra -fno-exceptions -U_FORTIFY_SOURCE -Wsuggest-override -D_FORTIFY_SOURCE=3 -fstack-protector-strong -fstack-clash-protection -Winvalid-pch -x c++-header -include /build/qtdeclarative-everywhere-src-6.8.3/build/src/quickdialogs/quickdialogs/CMakeFiles/QuickDialogs2.dir/cmake_pch.hxx -MD -MT src/quickdialogs/quickdialogs/CMakeFiles/QuickDialogs2.dir/cmake_pch.hxx.gch -MF src/quickdialogs/quickdialogs/CMakeFiles/QuickDialogs2.dir/cmake_pch.hxx.gch.d -o src/quickdialogs/quickdialogs/CMakeFiles/QuickDialogs2.dir/cmake_pch.hxx.gch -c /build/qtdeclarative-everywhere-src-6.8.3/build/src/quickdialogs/quickdialogs/CMakeFiles/QuickDialogs2.dir/cmake_pch.hxx.cxx
       > In file included from /build/qtdeclarative-everywhere-src-6.8.3/build/include/QtQuick/qsgvertexcolormaterial.h:1,
       >                  from /build/qtdeclarative-everywhere-src-6.8.3/build/include/QtQuick/QtQuick:36,
       >                  from /build/qtdeclarative-everywhere-src-6.8.3/build/src/quickdialogs/quickdialogs/CMakeFiles/QuickDialogs2.dir/cmake_pch.hxx:5,
       >                  from <command-line>:
       > /build/qtdeclarative-everywhere-src-6.8.3/src/quick/scenegraph/util/qsgvertexcolormaterial.h:21:2: fatal error: cannot write PCH file: No space left on device
       >    21 | };
       >       |  ^
       > compilation terminated.
       > [3283/3301] Building CXX object src/quickcontrolstestutils/CMakeFiles/QuickControlsTestUtilsPrivate.dir/cmake_pch.hxx.gch
       > FAILED: src/quickcontrolstestutils/CMakeFiles/QuickControlsTestUtilsPrivate.dir/cmake_pch.hxx.gch
       > /nix/store/34lr8h7npv1bgx74jyrgq3qgryp31rrx-gcc-wrapper-13.3.0/bin/g++ -DQT_ASCII_CAST_WARNINGS -DQT_BUILDING_QT -DQT_BUILD_QUICKCONTROLSTESTUTILSPRIVATE_LIB -DQT_BUILD_SHARED_QUICK_CONTROLS_TEST_UTILS_LIB -DQT_CORE_LIB -DQT_DEPRECATED_WARNINGS -DQT_EXPLICIT_QFILE_CONSTRUCTION_FROM_PATH -DQT_GUI_LIB -DQT_LEAN_HEADERS=1 -DQT_MOC_COMPAT -DQT_NETWORK_LIB -DQT_NO_AS_CONST=1 -DQT_NO_CAST_TO_ASCII -DQT_NO_DEBUG -DQT_NO_EXCEPTIONS -DQT_NO_FOREACH -DQT_NO_FOREACH=1 -DQT_NO_JAVA_STYLE_ITERATORS -DQT_NO_NARROWING_CONVERSIONS_IN_CONNECT -DQT_NO_QASCONST -DQT_NO_QEXCHANGE -DQT_NO_QSNPRINTF -DQT_NO_QSNPRINTF=1 -DQT_OPENGL_LIB -DQT_QMLINTEGRATION_LIB -DQT_QMLMETA_LIB -DQT_QMLMODELS_LIB -DQT_QMLWORKERSCRIPT_LIB -DQT_QML_LIB -DQT_QUICKCONTROLS2_LIB -DQT_QUICKDIALOGS2QUICKIMPL_LIB -DQT_QUICKTEMPLATES2_LIB -DQT_QUICKTESTUTILSPRIVATE_LIB -DQT_QUICK_LIB -DQT_TESTCASE_BUILDDIR=\"/build/qtdeclarative-everywhere-src-6.8.3/build/src/quickcontrolstestutils\" -DQT_TESTCASE_SOURCEDIR=\"/build/qtdeclarative-everywhere-src-6.8.3/src/quickcontrolstestutils\" -DQT_TESTLIB_LIB -DQT_USE_QSTRINGBUILDER -D_GLIBCXX_ASSERTIONS -D_LARGEFILE64_SOURCE -D_LARGEFILE_SOURCE -I/build/qtdeclarative-everywhere-src-6.8.3/build/src/quickcontrolstestutils/QuickControlsTestUtilsPrivate_autogen/include -I/build/qtdeclarative-everywhere-src-6.8.3/build/include -I/build/qtdeclarative-everywhere-src-6.8.3/build/include/QtQuickControlsTestUtils -I/build/qtdeclarative-everywhere-src-6.8.3/src/quickcontrolstestutils -I/build/qtdeclarative-everywhere-src-6.8.3/build/src/quickcontrolstestutils -I/build/qtdeclarative-everywhere-src-6.8.3/build/include/QtQuickControlsTestUtils/6.8.3 -I/build/qtdeclarative-everywhere-src-6.8.3/build/include/QtQuickControlsTestUtils/6.8.3/QtQuickControlsTestUtils -I/build/qtdeclarative-everywhere-src-6.8.3/build/src/qml -I/build/qtdeclarative-everywhere-src-6.8.3/build/include/QtQml/6.8.3 -I/build/qtdeclarative-everywhere-src-6.8.3/build/include/QtQml/6.8.3/QtQml -I/build/qtdeclarative-everywhere-src-6.8.3/build/include/QtQml -I/build/qtdeclarative-everywhere-src-6.8.3/build/include/QtQmlIntegration -I/build/qtdeclarative-everywhere-src-6.8.3/src/qmlintegration -I/build/qtdeclarative-everywhere-src-6.8.3/build/src/qmlintegration -I/build/qtdeclarative-everywhere-src-6.8.3/build/include/QtQuick -I/build/qtdeclarative-everywhere-src-6.8.3/build/include/QtQmlMeta -I/build/qtdeclarative-everywhere-src-6.8.3/build/include/QtQmlModels -I/build/qtdeclarative-everywhere-src-6.8.3/build/include/QtQmlWorkerScript -I/build/qtdeclarative-everywhere-src-6.8.3/build/include/QtQuickControls2 -I/build/qtdeclarative-everywhere-src-6.8.3/build/src/quick -I/build/qtdeclarative-everywhere-src-6.8.3/build/include/QtQuick/6.8.3 -I/build/qtdeclarative-everywhere-src-6.8.3/build/include/QtQuick/6.8.3/QtQuick -I/build/qtdeclarative-everywhere-src-6.8.3/build/src/qmlmodels -I/build/qtdeclarative-everywhere-src-6.8.3/build/include/QtQmlModels/6.8.3 -I/build/qtdeclarative-everywhere-src-6.8.3/build/include/QtQmlModels/6.8.3/QtQmlModels -I/build/qtdeclarative-everywhere-src-6.8.3/build/src/qmlmeta -I/build/qtdeclarative-everywhere-src-6.8.3/build/include/QtQmlMeta/6.8.3 -I/build/qtdeclarative-everywhere-src-6.8.3/build/include/QtQmlMeta/6.8.3/QtQmlMeta -I/build/qtdeclarative-everywhere-src-6.8.3/build/src/qmlworkerscript -I/build/qtdeclarative-everywhere-src-6.8.3/build/include/QtQmlWorkerScript/6.8.3 -I/build/qtdeclarative-everywhere-src-6.8.3/build/include/QtQmlWorkerScript/6.8.3/QtQmlWorkerScript -I/build/qtdeclarative-everywhere-src-6.8.3/build/include/QtQuickTemplates2 -I/build/qtdeclarative-everywhere-src-6.8.3/build/src/quicktemplates -I/build/qtdeclarative-everywhere-src-6.8.3/build/include/QtQuickTemplates2/6.8.3 -I/build/qtdeclarative-everywhere-src-6.8.3/build/include/QtQuickTemplates2/6.8.3/QtQuickTemplates2 -I/build/qtdeclarative-everywhere-src-6.8.3/build/include/QtQuickTestUtils -I/build/qtdeclarative-everywhere-src-6.8.3/build/src/quicktestutils -I/build/qtdeclarative-everywhere-src-6.8.3/build/include/QtQuickTestUtils/6.8.3 -I/build/qtdeclarative-everywhere-src-6.8.3/build/include/QtQuickTestUtils/6.8.3/QtQuickTestUtils -I/build/qtdeclarative-everywhere-src-6.8.3/build/src/quickdialogs/quickdialogsquickimpl -I/build/qtdeclarative-everywhere-src-6.8.3/build/include/QtQuickDialogs2QuickImpl/6.8.3 -I/build/qtdeclarative-everywhere-src-6.8.3/build/include/QtQuickDialogs2QuickImpl/6.8.3/QtQuickDialogs2QuickImpl -I/build/qtdeclarative-everywhere-src-6.8.3/build/include/QtQuickDialogs2QuickImpl -isystem /nix/store/l2gqabr7b6rqx8s38shqqymnfmfx003f-qtbase-6.8.3/include/QtCore/6.8.3 -isystem /nix/store/l2gqabr7b6rqx8s38shqqymnfmfx003f-qtbase-6.8.3/include/QtCore/6.8.3/QtCore -isystem /nix/store/l2gqabr7b6rqx8s38shqqymnfmfx003f-qtbase-6.8.3/include/QtCore -isystem /nix/store/l2gqabr7b6rqx8s38shqqymnfmfx003f-qtbase-6.8.3/mkspecs/linux-g++ -isystem /nix/store/l2gqabr7b6rqx8s38shqqymnfmfx003f-qtbase-6.8.3/include/QtNetwork -isystem /nix/store/l2gqabr7b6rqx8s38shqqymnfmfx003f-qtbase-6.8.3/include/QtTest -isystem /nix/store/l2gqabr7b6rqx8s38shqqymnfmfx003f-qtbase-6.8.3/include/QtGui -isystem /nix/store/l2gqabr7b6rqx8s38shqqymnfmfx003f-qtbase-6.8.3/include/QtOpenGL -isystem /nix/store/l2gqabr7b6rqx8s38shqqymnfmfx003f-qtbase-6.8.3/include/QtGui/6.8.3 -isystem /nix/store/l2gqabr7b6rqx8s38shqqymnfmfx003f-qtbase-6.8.3/include/QtGui/6.8.3/QtGui -DNDEBUG -O2 -std=gnu++17 -fPIC -fvisibility=hidden -fvisibility-inlines-hidden -Wall -Wextra -fno-exceptions -U_FORTIFY_SOURCE -Wsuggest-override -D_FORTIFY_SOURCE=3 -fstack-protector-strong -fstack-clash-protection -Winvalid-pch -x c++-header -include /build/qtdeclarative-everywhere-src-6.8.3/build/src/quickcontrolstestutils/CMakeFiles/QuickControlsTestUtilsPrivate.dir/cmake_pch.hxx -MD -MT src/quickcontrolstestutils/CMakeFiles/QuickControlsTestUtilsPrivate.dir/cmake_pch.hxx.gch -MF src/quickcontrolstestutils/CMakeFiles/QuickControlsTestUtilsPrivate.dir/cmake_pch.hxx.gch.d -o src/quickcontrolstestutils/CMakeFiles/QuickControlsTestUtilsPrivate.dir/cmake_pch.hxx.gch -c /build/qtdeclarative-everywhere-src-6.8.3/build/src/quickcontrolstestutils/CMakeFiles/QuickControlsTestUtilsPrivate.dir/cmake_pch.hxx.cxx
       > In file included from /build/qtdeclarative-everywhere-src-6.8.3/build/include/QtQuickTest/quicktest.h:1,
       >                  from /build/qtdeclarative-everywhere-src-6.8.3/build/include/QtQuickTest/QtQuickTest:6,
       >                  from /build/qtdeclarative-everywhere-src-6.8.3/build/include/QtQuickTestUtils/QtQuickTestUtilsDepends:8,
       >                  from /build/qtdeclarative-everywhere-src-6.8.3/build/include/QtQuickTestUtils/QtQuickTestUtils:3,
       >                  from /build/qtdeclarative-everywhere-src-6.8.3/build/src/quickcontrolstestutils/CMakeFiles/QuickControlsTestUtilsPrivate.dir/cmake_pch.hxx:9,
       >                  from <command-line>:
       > /build/qtdeclarative-everywhere-src-6.8.3/src/qmltest/quicktest.h:82:1: fatal error: cannot write PCH file: No space left on device
       >    82 | }
       >       | ^
       > compilation terminated.
       > ninja: build stopped: subcommand failed.
       For full logs, run 'nix-store -l /nix/store/h3nmn5yd2i3y1jr48rhzz3fnjrhp2pxj-qtdeclarative-6.8.3.drv'.
error: builder for '/nix/store/h3nmn5yd2i3y1jr48rhzz3fnjrhp2pxj-qtdeclarative-6.8.3.drv' failed with exit code 1;
       last 25 log lines:
       > [3282/3301] Building CXX object src/quickdialogs/quickdialogs/CMakeFiles/QuickDialogs2.dir/cmake_pch.hxx.gch
       > FAILED: src/quickdialogs/quickdialogs/CMakeFiles/QuickDialogs2.dir/cmake_pch.hxx.gch
       > /nix/store/34lr8h7npv1bgx74jyrgq3qgryp31rrx-gcc-wrapper-13.3.0/bin/g++ -DQT_ASCII_CAST_WARNINGS -DQT_BUILDING_QT -DQT_BUILD_QUICKDIALOGS2_LIB -DQT_CORE_LIB -DQT_DEPRECATED_WARNINGS -DQT_EXPLICIT_QFILE_CONSTRUCTION_FROM_PATH -DQT_GUI_LIB -DQT_LEAN_HEADERS=1 -DQT_MOC_COMPAT -DQT_NETWORK_LIB -DQT_NO_AS_CONST=1 -DQT_NO_CAST_FROM_ASCII -DQT_NO_CAST_TO_ASCII -DQT_NO_DEBUG -DQT_NO_EXCEPTIONS -DQT_NO_FOREACH -DQT_NO_FOREACH=1 -DQT_NO_JAVA_STYLE_ITERATORS -DQT_NO_NARROWING_CONVERSIONS_IN_CONNECT -DQT_NO_QASCONST -DQT_NO_QEXCHANGE -DQT_NO_QSNPRINTF -DQT_NO_QSNPRINTF=1 -DQT_OPENGL_LIB -DQT_QMLINTEGRATION_LIB -DQT_QMLMETA_LIB -DQT_QMLMODELS_LIB -DQT_QMLWORKERSCRIPT_LIB -DQT_QML_LIB -DQT_QUICKCONTROLS2IMPL_LIB -DQT_QUICKDIALOGS2QUICKIMPL_LIB -DQT_QUICKDIALOGS2UTILS_LIB -DQT_QUICKTEMPLATES2_LIB -DQT_QUICK_LIB -DQT_USE_QSTRINGBUILDER -DQuickDialogs2_EXPORTS -D_GLIBCXX_ASSERTIONS -D_LARGEFILE64_SOURCE -D_LARGEFILE_SOURCE -I/build/qtdeclarative-everywhere-src-6.8.3/build/src/quickdialogs/quickdialogs/QuickDialogs2_autogen/include -I/build/qtdeclarative-everywhere-src-6.8.3/build/include -I/build/qtdeclarative-everywhere-src-6.8.3/build/include/QtQuickDialogs2 -I/build/qtdeclarative-everywhere-src-6.8.3/src/quickdialogs/quickdialogs -I/build/qtdeclarative-everywhere-src-6.8.3/build/src/quickdialogs/quickdialogs -I/build/qtdeclarative-everywhere-src-6.8.3/build/include/QtQuickDialogs2/6.8.3 -I/build/qtdeclarative-everywhere-src-6.8.3/build/include/QtQuickDialogs2/6.8.3/QtQuickDialogs2 -I/build/qtdeclarative-everywhere-src-6.8.3/build/src/qml -I/build/qtdeclarative-everywhere-src-6.8.3/build/include/QtQml/6.8.3 -I/build/qtdeclarative-everywhere-src-6.8.3/build/include/QtQml/6.8.3/QtQml -I/build/qtdeclarative-everywhere-src-6.8.3/build/include/QtQml -I/build/qtdeclarative-everywhere-src-6.8.3/build/include/QtQmlIntegration -I/build/qtdeclarative-everywhere-src-6.8.3/src/qmlintegration -I/build/qtdeclarative-everywhere-src-6.8.3/build/src/qmlintegration -I/build/qtdeclarative-everywhere-src-6.8.3/build/include/QtQuick -I/build/qtdeclarative-everywhere-src-6.8.3/build/include/QtQmlMeta -I/build/qtdeclarative-everywhere-src-6.8.3/build/include/QtQmlModels -I/build/qtdeclarative-everywhere-src-6.8.3/build/include/QtQmlWorkerScript -I/build/qtdeclarative-everywhere-src-6.8.3/build/src/quick -I/build/qtdeclarative-everywhere-src-6.8.3/build/include/QtQuick/6.8.3 -I/build/qtdeclarative-everywhere-src-6.8.3/build/include/QtQuick/6.8.3/QtQuick -I/build/qtdeclarative-everywhere-src-6.8.3/build/src/qmlmodels -I/build/qtdeclarative-everywhere-src-6.8.3/build/include/QtQmlModels/6.8.3 -I/build/qtdeclarative-everywhere-src-6.8.3/build/include/QtQmlModels/6.8.3/QtQmlModels -I/build/qtdeclarative-everywhere-src-6.8.3/build/src/qmlmeta -I/build/qtdeclarative-everywhere-src-6.8.3/build/include/QtQmlMeta/6.8.3 -I/build/qtdeclarative-everywhere-src-6.8.3/build/include/QtQmlMeta/6.8.3/QtQmlMeta -I/build/qtdeclarative-everywhere-src-6.8.3/build/src/qmlworkerscript -I/build/qtdeclarative-everywhere-src-6.8.3/build/include/QtQmlWorkerScript/6.8.3 -I/build/qtdeclarative-everywhere-src-6.8.3/build/include/QtQmlWorkerScript/6.8.3/QtQmlWorkerScript -I/build/qtdeclarative-everywhere-src-6.8.3/build/include/QtQuickControls2Impl -I/build/qtdeclarative-everywhere-src-6.8.3/build/include/QtQuickDialogs2Utils -I/build/qtdeclarative-everywhere-src-6.8.3/build/src/quickdialogs/quickdialogsutils -I/build/qtdeclarative-everywhere-src-6.8.3/build/include/QtQuickDialogs2Utils/6.8.3 -I/build/qtdeclarative-everywhere-src-6.8.3/build/include/QtQuickDialogs2Utils/6.8.3/QtQuickDialogs2Utils -I/build/qtdeclarative-everywhere-src-6.8.3/build/include/QtQuickDialogs2QuickImpl -I/build/qtdeclarative-everywhere-src-6.8.3/build/src/quickdialogs/quickdialogsquickimpl -I/build/qtdeclarative-everywhere-src-6.8.3/build/include/QtQuickDialogs2QuickImpl/6.8.3 -I/build/qtdeclarative-everywhere-src-6.8.3/build/include/QtQuickDialogs2QuickImpl/6.8.3/QtQuickDialogs2QuickImpl -I/build/qtdeclarative-everywhere-src-6.8.3/build/src/quicktemplates -I/build/qtdeclarative-everywhere-src-6.8.3/build/include/QtQuickTemplates2/6.8.3 -I/build/qtdeclarative-everywhere-src-6.8.3/build/include/QtQuickTemplates2/6.8.3/QtQuickTemplates2 -I/build/qtdeclarative-everywhere-src-6.8.3/build/include/QtQuickTemplates2 -isystem /nix/store/l2gqabr7b6rqx8s38shqqymnfmfx003f-qtbase-6.8.3/include/QtCore/6.8.3 -isystem /nix/store/l2gqabr7b6rqx8s38shqqymnfmfx003f-qtbase-6.8.3/include/QtCore/6.8.3/QtCore -isystem /nix/store/l2gqabr7b6rqx8s38shqqymnfmfx003f-qtbase-6.8.3/include/QtCore -isystem /nix/store/l2gqabr7b6rqx8s38shqqymnfmfx003f-qtbase-6.8.3/mkspecs/linux-g++ -isystem /nix/store/l2gqabr7b6rqx8s38shqqymnfmfx003f-qtbase-6.8.3/include/QtNetwork -isystem /nix/store/l2gqabr7b6rqx8s38shqqymnfmfx003f-qtbase-6.8.3/include/QtGui -isystem /nix/store/l2gqabr7b6rqx8s38shqqymnfmfx003f-qtbase-6.8.3/include/QtOpenGL -isystem /nix/store/l2gqabr7b6rqx8s38shqqymnfmfx003f-qtbase-6.8.3/include/QtGui/6.8.3 -isystem /nix/store/l2gqabr7b6rqx8s38shqqymnfmfx003f-qtbase-6.8.3/include/QtGui/6.8.3/QtGui -DNDEBUG -O2 -std=gnu++17 -fPIC -fvisibility=hidden -fvisibility-inlines-hidden -Wall -Wextra -fno-exceptions -U_FORTIFY_SOURCE -Wsuggest-override -D_FORTIFY_SOURCE=3 -fstack-protector-strong -fstack-clash-protection -Winvalid-pch -x c++-header -include /build/qtdeclarative-everywhere-src-6.8.3/build/src/quickdialogs/quickdialogs/CMakeFiles/QuickDialogs2.dir/cmake_pch.hxx -MD -MT src/quickdialogs/quickdialogs/CMakeFiles/QuickDialogs2.dir/cmake_pch.hxx.gch -MF src/quickdialogs/quickdialogs/CMakeFiles/QuickDialogs2.dir/cmake_pch.hxx.gch.d -o src/quickdialogs/quickdialogs/CMakeFiles/QuickDialogs2.dir/cmake_pch.hxx.gch -c /build/qtdeclarative-everywhere-src-6.8.3/build/src/quickdialogs/quickdialogs/CMakeFiles/QuickDialogs2.dir/cmake_pch.hxx.cxx
       > In file included from /build/qtdeclarative-everywhere-src-6.8.3/build/include/QtQuick/qsgvertexcolormaterial.h:1,
       >                  from /build/qtdeclarative-everywhere-src-6.8.3/build/include/QtQuick/QtQuick:36,
       >                  from /build/qtdeclarative-everywhere-src-6.8.3/build/src/quickdialogs/quickdialogs/CMakeFiles/QuickDialogs2.dir/cmake_pch.hxx:5,
       >                  from <command-line>:
       > /build/qtdeclarative-everywhere-src-6.8.3/src/quick/scenegraph/util/qsgvertexcolormaterial.h:21:2: fatal error: cannot write PCH file: No space left on device
       >    21 | };
       >       |  ^
       > compilation terminated.
       > [3283/3301] Building CXX object src/quickcontrolstestutils/CMakeFiles/QuickControlsTestUtilsPrivate.dir/cmake_pch.hxx.gch
       > FAILED: src/quickcontrolstestutils/CMakeFiles/QuickControlsTestUtilsPrivate.dir/cmake_pch.hxx.gch
       > /nix/store/34lr8h7npv1bgx74jyrgq3qgryp31rrx-gcc-wrapper-13.3.0/bin/g++ -DQT_ASCII_CAST_WARNINGS -DQT_BUILDING_QT -DQT_BUILD_QUICKCONTROLSTESTUTILSPRIVATE_LIB -DQT_BUILD_SHARED_QUICK_CONTROLS_TEST_UTILS_LIB -DQT_CORE_LIB -DQT_DEPRECATED_WARNINGS -DQT_EXPLICIT_QFILE_CONSTRUCTION_FROM_PATH -DQT_GUI_LIB -DQT_LEAN_HEADERS=1 -DQT_MOC_COMPAT -DQT_NETWORK_LIB -DQT_NO_AS_CONST=1 -DQT_NO_CAST_TO_ASCII -DQT_NO_DEBUG -DQT_NO_EXCEPTIONS -DQT_NO_FOREACH -DQT_NO_FOREACH=1 -DQT_NO_JAVA_STYLE_ITERATORS -DQT_NO_NARROWING_CONVERSIONS_IN_CONNECT -DQT_NO_QASCONST -DQT_NO_QEXCHANGE -DQT_NO_QSNPRINTF -DQT_NO_QSNPRINTF=1 -DQT_OPENGL_LIB -DQT_QMLINTEGRATION_LIB -DQT_QMLMETA_LIB -DQT_QMLMODELS_LIB -DQT_QMLWORKERSCRIPT_LIB -DQT_QML_LIB -DQT_QUICKCONTROLS2_LIB -DQT_QUICKDIALOGS2QUICKIMPL_LIB -DQT_QUICKTEMPLATES2_LIB -DQT_QUICKTESTUTILSPRIVATE_LIB -DQT_QUICK_LIB -DQT_TESTCASE_BUILDDIR=\"/build/qtdeclarative-everywhere-src-6.8.3/build/src/quickcontrolstestutils\" -DQT_TESTCASE_SOURCEDIR=\"/build/qtdeclarative-everywhere-src-6.8.3/src/quickcontrolstestutils\" -DQT_TESTLIB_LIB -DQT_USE_QSTRINGBUILDER -D_GLIBCXX_ASSERTIONS -D_LARGEFILE64_SOURCE -D_LARGEFILE_SOURCE -I/build/qtdeclarative-everywhere-src-6.8.3/build/src/quickcontrolstestutils/QuickControlsTestUtilsPrivate_autogen/include -I/build/qtdeclarative-everywhere-src-6.8.3/build/include -I/build/qtdeclarative-everywhere-src-6.8.3/build/include/QtQuickControlsTestUtils -I/build/qtdeclarative-everywhere-src-6.8.3/src/quickcontrolstestutils -I/build/qtdeclarative-everywhere-src-6.8.3/build/src/quickcontrolstestutils -I/build/qtdeclarative-everywhere-src-6.8.3/build/include/QtQuickControlsTestUtils/6.8.3 -I/build/qtdeclarative-everywhere-src-6.8.3/build/include/QtQuickControlsTestUtils/6.8.3/QtQuickControlsTestUtils -I/build/qtdeclarative-everywhere-src-6.8.3/build/src/qml -I/build/qtdeclarative-everywhere-src-6.8.3/build/include/QtQml/6.8.3 -I/build/qtdeclarative-everywhere-src-6.8.3/build/include/QtQml/6.8.3/QtQml -I/build/qtdeclarative-everywhere-src-6.8.3/build/include/QtQml -I/build/qtdeclarative-everywhere-src-6.8.3/build/include/QtQmlIntegration -I/build/qtdeclarative-everywhere-src-6.8.3/src/qmlintegration -I/build/qtdeclarative-everywhere-src-6.8.3/build/src/qmlintegration -I/build/qtdeclarative-everywhere-src-6.8.3/build/include/QtQuick -I/build/qtdeclarative-everywhere-src-6.8.3/build/include/QtQmlMeta -I/build/qtdeclarative-everywhere-src-6.8.3/build/include/QtQmlModels -I/build/qtdeclarative-everywhere-src-6.8.3/build/include/QtQmlWorkerScript -I/build/qtdeclarative-everywhere-src-6.8.3/build/include/QtQuickControls2 -I/build/qtdeclarative-everywhere-src-6.8.3/build/src/quick -I/build/qtdeclarative-everywhere-src-6.8.3/build/include/QtQuick/6.8.3 -I/build/qtdeclarative-everywhere-src-6.8.3/build/include/QtQuick/6.8.3/QtQuick -I/build/qtdeclarative-everywhere-src-6.8.3/build/src/qmlmodels -I/build/qtdeclarative-everywhere-src-6.8.3/build/include/QtQmlModels/6.8.3 -I/build/qtdeclarative-everywhere-src-6.8.3/build/include/QtQmlModels/6.8.3/QtQmlModels -I/build/qtdeclarative-everywhere-src-6.8.3/build/src/qmlmeta -I/build/qtdeclarative-everywhere-src-6.8.3/build/include/QtQmlMeta/6.8.3 -I/build/qtdeclarative-everywhere-src-6.8.3/build/include/QtQmlMeta/6.8.3/QtQmlMeta -I/build/qtdeclarative-everywhere-src-6.8.3/build/src/qmlworkerscript -I/build/qtdeclarative-everywhere-src-6.8.3/build/include/QtQmlWorkerScript/6.8.3 -I/build/qtdeclarative-everywhere-src-6.8.3/build/include/QtQmlWorkerScript/6.8.3/QtQmlWorkerScript -I/build/qtdeclarative-everywhere-src-6.8.3/build/include/QtQuickTemplates2 -I/build/qtdeclarative-everywhere-src-6.8.3/build/src/quicktemplates -I/build/qtdeclarative-everywhere-src-6.8.3/build/include/QtQuickTemplates2/6.8.3 -I/build/qtdeclarative-everywhere-src-6.8.3/build/include/QtQuickTemplates2/6.8.3/QtQuickTemplates2 -I/build/qtdeclarative-everywhere-src-6.8.3/build/include/QtQuickTestUtils -I/build/qtdeclarative-everywhere-src-6.8.3/build/src/quicktestutils -I/build/qtdeclarative-everywhere-src-6.8.3/build/include/QtQuickTestUtils/6.8.3 -I/build/qtdeclarative-everywhere-src-6.8.3/build/include/QtQuickTestUtils/6.8.3/QtQuickTestUtils -I/build/qtdeclarative-everywhere-src-6.8.3/build/src/quickdialogs/quickdialogsquickimpl -I/build/qtdeclarative-everywhere-src-6.8.3/build/include/QtQuickDialogs2QuickImpl/6.8.3 -I/build/qtdeclarative-everywhere-src-6.8.3/build/include/QtQuickDialogs2QuickImpl/6.8.3/QtQuickDialogs2QuickImpl -I/build/qtdeclarative-everywhere-src-6.8.3/build/include/QtQuickDialogs2QuickImpl -isystem /nix/store/l2gqabr7b6rqx8s38shqqymnfmfx003f-qtbase-6.8.3/include/QtCore/6.8.3 -isystem /nix/store/l2gqabr7b6rqx8s38shqqymnfmfx003f-qtbase-6.8.3/include/QtCore/6.8.3/QtCore -isystem /nix/store/l2gqabr7b6rqx8s38shqqymnfmfx003f-qtbase-6.8.3/include/QtCore -isystem /nix/store/l2gqabr7b6rqx8s38shqqymnfmfx003f-qtbase-6.8.3/mkspecs/linux-g++ -isystem /nix/store/l2gqabr7b6rqx8s38shqqymnfmfx003f-qtbase-6.8.3/include/QtNetwork -isystem /nix/store/l2gqabr7b6rqx8s38shqqymnfmfx003f-qtbase-6.8.3/include/QtTest -isystem /nix/store/l2gqabr7b6rqx8s38shqqymnfmfx003f-qtbase-6.8.3/include/QtGui -isystem /nix/store/l2gqabr7b6rqx8s38shqqymnfmfx003f-qtbase-6.8.3/include/QtOpenGL -isystem /nix/store/l2gqabr7b6rqx8s38shqqymnfmfx003f-qtbase-6.8.3/include/QtGui/6.8.3 -isystem /nix/store/l2gqabr7b6rqx8s38shqqymnfmfx003f-qtbase-6.8.3/include/QtGui/6.8.3/QtGui -DNDEBUG -O2 -std=gnu++17 -fPIC -fvisibility=hidden -fvisibility-inlines-hidden -Wall -Wextra -fno-exceptions -U_FORTIFY_SOURCE -Wsuggest-override -D_FORTIFY_SOURCE=3 -fstack-protector-strong -fstack-clash-protection -Winvalid-pch -x c++-header -include /build/qtdeclarative-everywhere-src-6.8.3/build/src/quickcontrolstestutils/CMakeFiles/QuickControlsTestUtilsPrivate.dir/cmake_pch.hxx -MD -MT src/quickcontrolstestutils/CMakeFiles/QuickControlsTestUtilsPrivate.dir/cmake_pch.hxx.gch -MF src/quickcontrolstestutils/CMakeFiles/QuickControlsTestUtilsPrivate.dir/cmake_pch.hxx.gch.d -o src/quickcontrolstestutils/CMakeFiles/QuickControlsTestUtilsPrivate.dir/cmake_pch.hxx.gch -c /build/qtdeclarative-everywhere-src-6.8.3/build/src/quickcontrolstestutils/CMakeFiles/QuickControlsTestUtilsPrivate.dir/cmake_pch.hxx.cxx
       > In file included from /build/qtdeclarative-everywhere-src-6.8.3/build/include/QtQuickTest/quicktest.h:1,
       >                  from /build/qtdeclarative-everywhere-src-6.8.3/build/include/QtQuickTest/QtQuickTest:6,
       >                  from /build/qtdeclarative-everywhere-src-6.8.3/build/include/QtQuickTestUtils/QtQuickTestUtilsDepends:8,
       >                  from /build/qtdeclarative-everywhere-src-6.8.3/build/include/QtQuickTestUtils/QtQuickTestUtils:3,
       >                  from /build/qtdeclarative-everywhere-src-6.8.3/build/src/quickcontrolstestutils/CMakeFiles/QuickControlsTestUtilsPrivate.dir/cmake_pch.hxx:9,
       >                  from <command-line>:
       > /build/qtdeclarative-everywhere-src-6.8.3/src/qmltest/quicktest.h:82:1: fatal error: cannot write PCH file: No space left on device
       >    82 | }
       >       | ^
       > compilation terminated.
       > ninja: build stopped: subcommand failed.
       For full logs, run:
         nix log /nix/store/h3nmn5yd2i3y1jr48rhzz3fnjrhp2pxj-qtdeclarative-6.8.3.drv
error: 1 dependencies of derivation '/nix/store/f8rx5v36hy6krnnrpwnwja3j5v4730xc-qtpositioning-6.8.3.drv' failed to build
error: 1 dependencies of derivation '/nix/store/qkghyxnhri5dy1lih1g48ci716623n58-qtquick3d-6.8.3.drv' failed to build
error: 1 dependencies of derivation '/nix/store/vwy99j0k8w3n8x4nql18v2li7lbccc6p-qtquicktimeline-6.8.3.drv' failed to build
error: 1 dependencies of derivation '/nix/store/3f1n18lij4dyx9k01x8nm06g0vjwmz6d-qtwebsockets-6.8.3.drv' failed to build
error: 2 dependencies of derivation '/nix/store/yfdiv9masf82qk7sinswi290da2inpjh-qtlocation-6.8.3.drv' failed to build
error: 2 dependencies of derivation '/nix/store/1nvhnz1lys33d869blfbgg0mqzbpsrsj-qtmultimedia-6.8.3.drv' failed to build
error: 2 dependencies of derivation '/nix/store/lbm1dn7nvbdk1ngphyh2nsjydjr2a9i6-qtwebchannel-6.8.3.drv' failed to build
error: 7 dependencies of derivation '/nix/store/rfkkg86fmipb5n2899ys3lk37ggds7ng-python3.11-pyqt6-6.8.0.drv' failed to build
error: 1 dependencies of derivation '/nix/store/wfng4wkb32dy739cwrzy03j29cxwkp7i-python3.11-pyqtgraph-0.13.7.drv' failed to build
error: 1 dependencies of derivation '/nix/store/6pxnwp7fblnjc57brs0jjj62f3hqs82z-gnuradio-3.10.11.0.drv' failed to build
error: 2 dependencies of derivation '/nix/store/nysppd2n0qnlqwrdfjxwzpkmr5cyv0z1-python3-3.11.11-env.drv' failed to build
error: 2 dependencies of derivation '/nix/store/xkvvk4azmcmq9ijsszhb0kqwg3jv7mh2-gnuradio-wrapped-3.10.11.0.drv' failed to build
error: 1 dependencies of derivation '/nix/store/67psdki2y6cjhxa5x913xwj67inlg490-system-path.drv' failed to build
error: 1 dependencies of derivation '/nix/store/62kzad2d374q1g7y9n31ybpgphn712p8-dbus-1.drv' failed to build
error: 1 dependencies of derivation '/nix/store/dhqgqa4a55j32vj9gdqxqjk61wknp1sv-X-Restart-Triggers-dbus.drv' failed to build
error: 1 dependencies of derivation '/nix/store/03a4d4dmnq2gf4z87cwa0a4ynrrmar87-unit-dbus.service.drv' failed to build
error: 1 dependencies of derivation '/nix/store/l0hxxcpqrc2n85sfz778l16yhg93my52-unit-dbus.service.drv' failed to build
error: 1 dependencies of derivation '/nix/store/11ih1p7f1xp4a8iig6vwkwjxszfyydbn-system-units.drv' failed to build
error: 1 dependencies of derivation '/nix/store/rlppkwsrwga97bnq8akr9k7n5kw2m1kx-user-units.drv' failed to build
error: 4 dependencies of derivation '/nix/store/q9zgrfiq4zrxccd22md5dghb5wp7jr4i-etc.drv' failed to build
error: 2 dependencies of derivation '/nix/store/5jzaj1f9q8iddsxnlvdaff6q2ddpbd4s-nixos-system-unnamed-24.11.20250511.a39ed32.drv' failed to build
